------------------------------------------------------------
TimeQuest Timing Analyzer Summary
------------------------------------------------------------

Type  : Slow 1200mV 85C Model Setup 'CLOCK_50'
Slack : 11.849
TNS   : 0.000

Type  : Slow 1200mV 85C Model Setup 'vga_clk_instance|altpll_0|sd1|pll7|clk[0]'
Slack : 33.956
TNS   : 0.000

Type  : Slow 1200mV 85C Model Hold 'vga_clk_instance|altpll_0|sd1|pll7|clk[0]'
Slack : 0.403
TNS   : 0.000

Type  : Slow 1200mV 85C Model Hold 'CLOCK_50'
Slack : 0.660
TNS   : 0.000

Type  : Slow 1200mV 85C Model Minimum Pulse Width 'CLOCK_50'
Slack : 9.757
TNS   : 0.000

Type  : Slow 1200mV 85C Model Minimum Pulse Width 'vga_clk_instance|altpll_0|sd1|pll7|clk[0]'
Slack : 19.709
TNS   : 0.000

Type  : Slow 1200mV 0C Model Setup 'CLOCK_50'
Slack : 12.336
TNS   : 0.000

Type  : Slow 1200mV 0C Model Setup 'vga_clk_instance|altpll_0|sd1|pll7|clk[0]'
Slack : 34.527
TNS   : 0.000

Type  : Slow 1200mV 0C Model Hold 'vga_clk_instance|altpll_0|sd1|pll7|clk[0]'
Slack : 0.355
TNS   : 0.000

Type  : Slow 1200mV 0C Model Hold 'CLOCK_50'
Slack : 0.602
TNS   : 0.000

Type  : Slow 1200mV 0C Model Minimum Pulse Width 'CLOCK_50'
Slack : 9.778
TNS   : 0.000

Type  : Slow 1200mV 0C Model Minimum Pulse Width 'vga_clk_instance|altpll_0|sd1|pll7|clk[0]'
Slack : 19.711
TNS   : 0.000

Type  : Fast 1200mV 0C Model Setup 'CLOCK_50'
Slack : 15.586
TNS   : 0.000

Type  : Fast 1200mV 0C Model Setup 'vga_clk_instance|altpll_0|sd1|pll7|clk[0]'
Slack : 37.073
TNS   : 0.000

Type  : Fast 1200mV 0C Model Hold 'vga_clk_instance|altpll_0|sd1|pll7|clk[0]'
Slack : 0.183
TNS   : 0.000

Type  : Fast 1200mV 0C Model Hold 'CLOCK_50'
Slack : 0.302
TNS   : 0.000

Type  : Fast 1200mV 0C Model Minimum Pulse Width 'CLOCK_50'
Slack : 9.439
TNS   : 0.000

Type  : Fast 1200mV 0C Model Minimum Pulse Width 'vga_clk_instance|altpll_0|sd1|pll7|clk[0]'
Slack : 19.780
TNS   : 0.000

------------------------------------------------------------
